ARGX-113-1802 - testrun1                                                                                                12OCT2022 06:41   
                                                                                                                               PAGE 1 OF 1
Table 14.2.2.1: TIME TO INITIAL CONFIRMED ECI – KAPLAN-MEIER                                                                            
------------------------------------------------------------------------------------------------------------------------------------------
ANALYSIS SET: STAGE A SAFETY                                                                                                              

                                                    DUMMYTIGIMOD PH20 SC          
                                                    (N=157)                       
------------------------------------------------------------------------------------------------------------------------------------------
 25th QUANTILE (95% CI) (DAYS)                      22.0 (22.0; 24.0)             
 50th QUANTILE (95% CI) (DAYS)                      43.0 (30.0; 57.0)             
 75th QUANTILE (95% CI) (DAYS)                      73.0 (70.0; 85.0)             
                                                                                                                                          
 NUMBER ASSESSED                                    156                           
 NUMBER OF EVENTS [1]                               95 (60.9%)                    
 NUMBER CENSORED                                    61 (39.1%)                    
   COMPLETED STAGE A WITH NO CONFIRMED ECI          15 (9.6%)                     
   DISCONTINUED DURING STAGE A                      27 (17.3%)                    
   ONGOING IN STAGE A                               19 (12.2%)                    
                                                                                                                                          
------------------------------------------------------------------------------------------------------------------------------------------
ECI=EVIDENCE OF CLINICAL IMPROVEMENT; NC=NOT CALCULATED.                                                                                  
[1] PARTICIPANTS WITH CONFIRMED ECI DURING STAGE A.                                                                                       
THE DENOMINATOR FOR THE PERCENTAGE CALCULATIONS IS THE TOTAL NUMBER OF PARTICIPANTS IN THE STAGE A SAFETY ANALYSIS SET FOR WHICH ECI      
COULD BE DETERMINED.                                                                                                                      
